﻿[36mvite v8.0.12 [32mbuilding ssr environment for production...[36m[39m
[2K
node.exe : 2:14:39 AM [vite-plugin-svelte] src/
routes/(company)/company/my-subjects/[id]/candi
dats/+page.svelte:106:16 Visible, 
non-interactive elements with a click event 
must be accompanied by a keyboard event 
handler. Consider whether an interactive 
element such as `<button type="button">` or 
`<a>` might be more appropriate
At line:1 char:1
+ & "C:\Program Files\nodejs/node.exe" 
"C:\Program Files\nodejs/node_mo ...
+ ~~~~~~~~~~~~~~~~~~~~~~~~~~~~~~~~~~~~~~~~~~~~~
~~~~~~~~~~~~~~~~~~~~~~~~
    + CategoryInfo          : NotSpecified: (2 
   :14:39 AM [vit...ore appropriate:String) [  
  ], RemoteException
    + FullyQualifiedErrorId : NativeCommandErr 
   or
 
https://svelte.dev/e/a11y_click_events_have_key
_events
104:         <div class="student-list">
105:             {#each wishes as wish}
106:                 <div
                         ^
107:                     class="student-card"
108:                     class:is-selected={sel
ectedIds.includes(wish.student_id)}
2:14:39 AM [vite-plugin-svelte] src/routes/(com
pany)/company/notifications/+page.svelte:83:16 
Visible, non-interactive elements with a click 
event must be accompanied by a keyboard event 
handler. Consider whether an interactive 
element such as `<button type="button">` or 
`<a>` might be more appropriate
https://svelte.dev/e/a11y_click_events_have_key
_events
81:         <div class="notif-list">
82:             {#each notifications as notif}
83:                 <div
                        ^
84:                     class="notif-card"
85:                     
class:is-unread={!notif.read_at}
2:14:39 AM [vite-plugin-svelte] src/routes/(stu
dent)/student/catalogue/+page.svelte:121:16 
Visible, non-interactive elements with a click 
event must be accompanied by a keyboard event 
handler. Consider whether an interactive 
element such as `<button type="button">` or 
`<a>` might be more appropriate
https://svelte.dev/e/a11y_click_events_have_key
_events
119:         <div class="subject-grid">
120:             {#each filteredSubjects as 
subject}
121:                 <div
                         ^
122:                     class="subject-card"
123:                     onclick={() => 
goto(`/student/catalogue/${subject.id}`)}
2:14:39 AM [vite-plugin-svelte] src/routes/(stu
dent)/student/dashboard/+page.svelte:76:8 
Visible, non-interactive elements with a click 
event must be accompanied by a keyboard event 
handler. Consider whether an interactive 
element such as `<button type="button">` or 
`<a>` might be more appropriate
https://svelte.dev/e/a11y_click_events_have_key
_events
74: <Page title="Tableau de bord" 
subtitle="Bienvenue sur votre espace 
etudiant.">
75:     <div class="stat-grid">
76:         <div
                ^
77:             class="stat-card"
78:             onclick={() => 
goto("/student/my-pfe")}
2:14:39 AM [vite-plugin-svelte] src/routes/(stu
dent)/student/dashboard/+page.svelte:89:8 
Visible, non-interactive elements with a click 
event must be accompanied by a keyboard event 
handler. Consider whether an interactive 
element such as `<button type="button">` or 
`<a>` might be more appropriate
https://svelte.dev/e/a11y_click_events_have_key
_events
87:         </div>
88: 
89:         <div
                ^
90:             class="stat-card"
91:             onclick={() => 
goto("/student/voeux")}
2:14:39 AM [vite-plugin-svelte] src/routes/(stu
dent)/student/dashboard/+page.svelte:103:12 
Visible, non-interactive elements with a click 
event must be accompanied by a keyboard event 
handler. Consider whether an interactive 
element such as `<button type="button">` or 
`<a>` might be more appropriate
https://svelte.dev/e/a11y_click_events_have_key
_events
101: 
102:         {#if nextDefense}
103:             <div
                     ^
104:                 class="stat-card"
105:                 onclick={() => 
goto("/student/soutenance")}
2:14:39 AM [vite-plugin-svelte] src/routes/(stu
dent)/student/notifications/+page.svelte:88:16 
Visible, non-interactive elements with a click 
event must be accompanied by a keyboard event 
handler. Consider whether an interactive 
element such as `<button type="button">` or 
`<a>` might be more appropriate
https://svelte.dev/e/a11y_click_events_have_key
_events
86:         <div class="notif-list">
87:             {#each notifications as notif}
88:                 <div
                        ^
89:                     class="notif-card"
90:                     
class:is-unread={!notif.read_at}
2:14:39 AM [vite-plugin-svelte] src/routes/(tea
cher)/teacher/availability/+page.svelte:171:2 
Unused CSS selector ".date-input"
https://svelte.dev/e/css_unused_selector
169:   }
170: 
171:   .date-input {
                  ^
172:     margin-top: var(--spacing-sm);
173:     margin-left: 1.5rem;
2:14:39 AM [vite-plugin-svelte] src/routes/(tea
cher)/teacher/availability/+page.svelte:182:4 
Unused CSS selector "&:focus"
https://svelte.dev/e/css_unused_selector
180:     background: var(--color-background);
181: 
182:     &:focus {
                ^
183:       outline: none;
184:       border-color: var(--color-accent);
2:14:39 AM [vite-plugin-svelte] src/routes/(tea
cher)/teacher/dashboard/+page.svelte:48:4 
Visible, non-interactive elements with a click 
event must be accompanied by a keyboard event 
handler. Consider whether an interactive 
element such as `<button type="button">` or 
`<a>` might be more appropriate
https://svelte.dev/e/a11y_click_events_have_key
_events
46: <Page title="Tableau de bord" 
subtitle="Bienvenue sur votre espace 
enseignant.">
47:   <div class="stat-grid">
48:     <div class="stat-card" onclick={() => 
goto("/teacher/supervised-pfes")} 
role="button" tabindex="0">
              ^
49:       <div class="stat-icon">
50:         <Users size={20} />
2:14:39 AM [vite-plugin-svelte] src/routes/(tea
cher)/teacher/dashboard/+page.svelte:56:4 
Visible, non-interactive elements with a click 
event must be accompanied by a keyboard event 
handler. Consider whether an interactive 
element such as `<button type="button">` or 
`<a>` might be more appropriate
https://svelte.dev/e/a11y_click_events_have_key
_events
54:     </div>
55: 
56:     <div class="stat-card" onclick={() => 
goto("/teacher/subjects-to-validate")} 
role="button" tabindex="0">
              ^
57:       <div class="stat-icon">
58:         <CheckCircle size={20} />
2:14:39 AM [vite-plugin-svelte] src/routes/(tea
cher)/teacher/dashboard/+page.svelte:64:4 
Visible, non-interactive elements with a click 
event must be accompanied by a keyboard event 
handler. Consider whether an interactive 
element such as `<button type="button">` or 
`<a>` might be more appropriate
https://svelte.dev/e/a11y_click_events_have_key
_events
62:     </div>
63: 
64:     <div class="stat-card" onclick={() => 
goto("/teacher/proposed-subjects")} 
role="button" tabindex="0">
              ^
65:       <div class="stat-icon">
66:         <BookOpen size={20} />
2:14:39 AM [vite-plugin-svelte] src/routes/(tea
cher)/teacher/dashboard/+page.svelte:72:4 
Visible, non-interactive elements with a click 
event must be accompanied by a keyboard event 
handler. Consider whether an interactive 
element such as `<button type="button">` or 
`<a>` might be more appropriate
https://svelte.dev/e/a11y_click_events_have_key
_events
70:     </div>
71: 
72:     <div class="stat-card" onclick={() => 
goto("/teacher/availability")} role="button" 
tabindex="0">
              ^
73:       <div class="stat-icon">
74:         <Calendar size={20} />
2:14:39 AM [vite-plugin-svelte] src/routes/(tea
cher)/teacher/dashboard/+page.svelte:87:12 
Visible, non-interactive elements with a click 
event must be accompanied by a keyboard event 
handler. Consider whether an interactive 
element such as `<button type="button">` or 
`<a>` might be more appropriate
https://svelte.dev/e/a11y_click_events_have_key
_events
85:         <div class="list">
86:           {#each upcomingJuryDuties as 
duty}
87:             <div class="list-item" 
onclick={() => goto(`/teacher/jury-duties`)} 
role="button" tabindex="0">
                      ^
88:               <div class="list-item-icon">
89:                 <Calendar size={16} />
2:14:39 AM [vite-plugin-svelte] 
src/lib/components/ui/DateInput.svelte:267:2 
Unused CSS selector ".icon"
https://svelte.dev/e/css_unused_selector
265:   }
266: 
267:   .icon {
            ^
268:     flex-shrink: 0;
269:     color: var(--color-text-muted);
2:14:39 AM [vite-plugin-svelte] 
src/lib/components/ui/FormField.svelte:18:2 A 
form label must be associated with a control
https://svelte.dev/e/a11y_label_has_associated_
control
16: 
17: <div class="field">
18:   <label>
              ^
19:     {label}
20:     {#if required}
2:14:39 AM [vite-plugin-svelte] 
src/lib/components/ui/FormField.svelte:91:2 
Unused CSS selector ".form-grid"
https://svelte.dev/e/css_unused_selector
89:   }
90: 
91:   .form-grid {
                ^
92:     display: grid;
93:     grid-template-columns: 1fr 1fr;
2:14:39 AM [vite-plugin-svelte] 
src/lib/components/ui/FormField.svelte:97:2 
Unused CSS selector ".form-actions"
https://svelte.dev/e/css_unused_selector
 95:   }
 96: 
 97:   .form-actions {
                    ^
 98:     display: flex;
 99:     align-items: center;
2:14:39 AM [vite-plugin-svelte] 
src/lib/components/ui/FormField.svelte:105:4 
Unused CSS selector ".form-grid"
https://svelte.dev/e/css_unused_selector
103: 
104:   @media (max-width: 600px) {
105:     .form-grid {
                   ^
106:       grid-template-columns: 1fr;
107:     }
transforming...Γ£ô 4065 modules transformed.
[31mΓ£ù[39m Build failed in 5.63s
[31merror during build:
[31mBuild failed with 3 errors:

[plugin vite-plugin-svelte:compile] C:/Users/ra
myh/Documents/pfe/attempts/frontend/src/routes/
(teacher)/teacher/jury-duties/+page.svelte:12:3
0
RolldownError: C:/Users/ramyh/Documents/pfe/att
empts/frontend/src/routes/(teacher)/teacher/jur
y-duties/+page.svelte:12:30 Expected a valid 
element or component name. Components must 
have a valid variable name or dot notation 
expression
https://svelte.dev/e/tag_invalid_name
 10 |    const { duties } = $derived(data);
 11 |  
 12 |    const STATUS_LABELS: Record<string, 
string> = {
                                            ^
 13 |      scheduled: "Planifiee",
 14 |      done: "Passee",
[plugin vite-plugin-svelte:compile] C:/Users/ra
myh/Documents/pfe/attempts/frontend/src/routes/
accounts/company/create/+page.svelte:33:16
RolldownError: C:/Users/ramyh/Documents/pfe/att
empts/frontend/src/routes/accounts/company/crea
te/+page.svelte:33:16 Unexpected token
https://svelte.dev/e/js_parse_error
 31 |        alert("Registration submitted! 
Pending admin approval.");
 32 |        await goto('./login');
 33 |      } catch (err: any) {
                       ^
 34 |        error = err.message || "Failed to 
create account";
 35 |      } finally {
[plugin vite-plugin-svelte:compile] C:/Users/ra
myh/Documents/pfe/attempts/frontend/src/routes/
accounts/company/login/+page.svelte:26:16
RolldownError: C:/Users/ramyh/Documents/pfe/att
empts/frontend/src/routes/accounts/company/logi
n/+page.svelte:26:16 Unexpected token
https://svelte.dev/e/js_parse_error
 24 |      try {
 25 |        await authStore.devLogin(email);
 26 |      } catch (err: any) {
                       ^
 27 |        error = err.message || "Failed to 
login";
 28 |      } finally {[31m
    at aggregateBindingErrorsIntoJsError (file:
///C:/Users/ramyh/Documents/pfe/attempts/fronte
nd/node_modules/.pnpm/rolldown@1.0.0/node_modul
es/rolldown/dist/shared/error-BrnLyQ-g.mjs:48:1
8)
    at unwrapBindingResult (file:///C:/Users/ra
myh/Documents/pfe/attempts/frontend/node_module
s/.pnpm/rolldown@1.0.0/node_modules/rolldown/di
st/shared/error-BrnLyQ-g.mjs:18:128)
    at #build (file:///C:/Users/ramyh/Documents
/pfe/attempts/frontend/node_modules/.pnpm/rolld
own@1.0.0/node_modules/rolldown/dist/shared/rol
ldown-build-D_ShytiL.mjs:3257:34)
    at async buildEnvironment (file:///C:/Users
/ramyh/Documents/pfe/attempts/frontend/node_mod
ules/.pnpm/vite@8.0.12/node_modules/vite/dist/n
ode/chunks/node.js:33052:64)
    at async Object.build (file:///C:/Users/ram
yh/Documents/pfe/attempts/frontend/node_modules
/.pnpm/vite@8.0.12/node_modules/vite/dist/node/
chunks/node.js:33474:19)
    at async Object.buildApp (file:///C:/Users/
ramyh/Documents/pfe/attempts/frontend/node_modu
les/.pnpm/vite@8.0.12/node_modules/vite/dist/no
de/chunks/node.js:33471:153)
    at async CAC.<anonymous> (file:///C:/Users/
ramyh/Documents/pfe/attempts/frontend/node_modu
les/.pnpm/vite@8.0.12/node_modules/vite/dist/no
de/cli.js:778:3) {
  errors: [Getter/Setter]
}[39m
